[jbnutricionista.site.pro/index.html]
[backblue.gif]
[fade.gif]
[index.html]
[jbnutricionista.site.pro/js/common-bundlef5f6.js]
[jbnutricionista.site.pro/css/common-bundlef5f6.css]
[jbnutricionista.site.pro/css/a188dd9af9fa009e3c469ea67dd41f50-bundlef5f6.css]
[jbnutricionista.site.pro/index.html]
[jbnutricionista.site.pro/js/a188dd9af9fa009e3c469ea67dd41f50-bundlef5f6.js]
[jbnutricionista.site.pro/Contate-nos/index.html]
[jbnutricionista.site.pro/Blogue/index.html]
[jbnutricionista.site.pro/Sobre/index.html]
[jbnutricionista.site.pro/fonts/glyphicons-halflings-regular.eot]
[jbnutricionista.site.pro/fonts/glyphicons-halflings-regulard41d.eot]
[jbnutricionista.site.pro/fonts/glyphicons-halflings-regular.woff2]
[jbnutricionista.site.pro/fonts/glyphicons-halflings-regular.woff]
[jbnutricionista.site.pro/fonts/glyphicons-halflings-regular.ttf]
[jbnutricionista.site.pro/css/fonts/fontawesome-webfont3e6e.eot]
[jbnutricionista.site.pro/css/fonts/fontawesome-webfontd41d.eot]
[jbnutricionista.site.pro/css/fonts/fontawesome-webfont3e6e.woff2]
[jbnutricionista.site.pro/css/fonts/fontawesome-webfont3e6e.woff]
[jbnutricionista.site.pro/css/fonts/fontawesome-webfont3e6e.ttf]
[jbnutricionista.site.pro/css/fonts/builder-ui-icons-pluginsfd9c.eot]
[jbnutricionista.site.pro/css/fonts/builder-ui-icons-pluginsfd9c.ttf]
[jbnutricionista.site.pro/css/fonts/builder-ui-icons-pluginsfd9c.woff]
[jbnutricionista.site.pro/css/common-bundlef5f6.css]
[jbnutricionista.site.pro/gallery_gen/98a337f09ab47870ea77132b7c14419d_fit.png]
[jbnutricionista.site.pro/gallery_gen/cf95d451299a1fbb8ad8339ebdc686b0_fit.png]
[jbnutricionista.site.pro/gallery_gen/fdff1ad068ef8868f5e3628934f49de5_fit.jpg]
[jbnutricionista.site.pro/css/a188dd9af9fa009e3c469ea67dd41f50-bundlef5f6.css]
[jbnutricionista.site.pro/js/a189b11f6a02006eaf6dc685aaca60fc-bundlef5f6.js]
[jbnutricionista.site.pro/css/a189b11f6a02006eaf6dc685aaca60fc-bundlef5f6.css]
[jbnutricionista.site.pro/Blogue/Vida-saudável/index.html]
[jbnutricionista.site.pro/gallery/950e072683fd14157adda4cb59458ca9.jpg]
[jbnutricionista.site.pro/Blogue/A-Importância-da-Hidratação-na-Nutrição/index.html]
[jbnutricionista.site.pro/gallery/8189bd2da0d2e75c97969c92690db425.jpg]
[jbnutricionista.site.pro/gallery/smiling-sporty-couple-isolated-white-background.jpg]
[jbnutricionista.site.pro/Blogue/index.html]
[jbnutricionista.site.pro/Blogue/Os-Benefícios-de-um-Plano-Alimentar-Personalizado/index.html]
[jbnutricionista.site.pro/Blogue/index0024.html]
[jbnutricionista.site.pro/Blogue/index5cef.html]
[jbnutricionista.site.pro/css/a188dd9af9fa02c3bcada662bd503381-bundlef5f6.css]
[jbnutricionista.site.pro/Contate-nos/index.html]
[telegram.org/js/telegram-widget3c59.js]
[jbnutricionista.site.pro/css/a188dd9af9fa01b115e7d192d3ccab26-bundlef5f6.css]
[jbnutricionista.site.pro/Sobre/index.html]
[jbnutricionista.site.pro/fonts/glyphicons-halflings-regular.svg]
[jbnutricionista.site.pro/css/fonts/fontawesome-webfont3e6e.svg]
[jbnutricionista.site.pro/img/icon-logo.html]
[jbnutricionista.site.pro/img/icon-logo-red.html]
[jbnutricionista.site.pro/img/flags_matrix.html]
[jbnutricionista.site.pro/css/fonts/builder-ui-icons-pluginsfd9c.svg]
[jbnutricionista.site.pro/css/a189b11f6a02006eaf6dc685aaca60fc-bundlef5f6.css]
[jbnutricionista.site.pro/Blogue/Vida-saudável/index.html]
[jbnutricionista.site.pro/Blogue/A-Importância-da-Hidratação-na-Nutrição/index.html]
[jbnutricionista.site.pro/Blogue/Os-Benefícios-de-um-Plano-Alimentar-Personalizado/index.html]
[jbnutricionista.site.pro/Blogue/index0024.html]
[jbnutricionista.site.pro/Blogue/Desmistificando-Dietas-O-Que-Funciona-Realmente/index.html]
[jbnutricionista.site.pro/gallery/f75146a2114414da8029b35949f64b61.jpg]
[jbnutricionista.site.pro/Blogue/Dicas-Práticas-para-Montar-um-Prato-Saudável/index.html]
[jbnutricionista.site.pro/gallery/a17fb498618cd226b9d4fd8dea63e64e.jpg]
[jbnutricionista.site.pro/Blogue/index5cef.html]
[jbnutricionista.site.pro/js/a188dd9af9fa02c3bcada662bd503381-bundlef5f6.js]
[jbnutricionista.site.pro/css/a188dd9af9fa02c3bcada662bd503381-bundlef5f6.css]
[jbnutricionista.site.pro/js/a188dd9af9fa01b115e7d192d3ccab26-bundlef5f6.js]
[jbnutricionista.site.pro/gallery_gen/fbb90b4003c7fc20daada2b4e00e4489_510x340_fit.png]
[jbnutricionista.site.pro/gallery_gen/409845606b57a233ed240e85f3fb3073_510x326_fit.jpg]
[jbnutricionista.site.pro/gallery_gen/94bac97655bc88ac918d82e2cc96e297_510x340_fit.jpg]
[jbnutricionista.site.pro/css/a188dd9af9fa01b115e7d192d3ccab26-bundlef5f6.css]
[jbnutricionista.site.pro/gallery_gen/8c2a7714493891f5c0f5944254bd9196_fit.jpg]
[jbnutricionista.site.pro/Blogue/Dicas/index.html]
[jbnutricionista.site.pro/Blogue/Desmistificando-Dietas-O-Que-Funciona-Realmente/index.html]
[connect.facebook.net/pt_BR/sdk.js]
[jbnutricionista.site.pro/Blogue/Dicas-Práticas-para-Montar-um-Prato-Saudável/index.html]
[jbnutricionista.site.pro/Blogue/Dicas/index.html]
[connect.facebook.net/pt_BR/sdk.js]
